============================= test session starts ==============================
platform linux -- Python 3.12.3, pytest-9.0.2, pluggy-1.6.0 -- /home/fortune/Desktop/Python_Projects/quad_trading/trading-test/migration_venv/bin/python3
cachedir: .pytest_cache
rootdir: /home/fortune/Desktop/Python_Projects/quad_trading/trading-test/backend
configfile: pytest.mini.ini
plugins: cov-7.0.0, anyio-4.12.0, mock-3.15.1, asyncio-1.3.0
asyncio: mode=Mode.AUTO, debug=False, asyncio_default_fixture_loop_scope=None, asyncio_default_test_loop_scope=function
collecting ... collected 9 items

tests/test_reconciliation.py::test_reconcile_positions_no_drift PASSED   [ 11%]
tests/test_reconciliation.py::test_reconcile_positions_with_drift PASSED [ 22%]
tests/test_reconciliation.py::test_reconcile_positions_rogue_trade PASSED [ 33%]
tests/test_reconciliation.py::test_reconcile_positions_local_only PASSED [ 44%]
tests/test_reconciliation.py::test_reconcile_positions_broker_filter PASSED [ 55%]
tests/test_reconciliation.py::test_reconcile_positions_broker_failure PASSED [ 66%]
tests/test_reconciliation.py::test_reconcile_positions_exception PASSED  [ 77%]
tests/test_reconciliation.py::test_aux_methods PASSED                    [ 88%]
tests/test_reconciliation.py::test_generate_report_not_found PASSED      [100%]

=============================== warnings summary ===============================
app/core/config.py:22
  /home/fortune/Desktop/Python_Projects/quad_trading/trading-test/backend/app/core/config.py:22: PydanticDeprecatedSince20: Pydantic V1 style `@validator` validators are deprecated. You should migrate to Pydantic V2 style `@field_validator` validators, see the migration guide for more details. Deprecated in Pydantic V2.0 to be removed in V3.0. See Pydantic V2 Migration Guide at https://errors.pydantic.dev/2.12/migration/
    @validator("BACKEND_CORS_ORIGINS", pre=True)

app/core/config.py:44
  /home/fortune/Desktop/Python_Projects/quad_trading/trading-test/backend/app/core/config.py:44: PydanticDeprecatedSince20: Pydantic V1 style `@validator` validators are deprecated. You should migrate to Pydantic V2 style `@field_validator` validators, see the migration guide for more details. Deprecated in Pydantic V2.0 to be removed in V3.0. See Pydantic V2 Migration Guide at https://errors.pydantic.dev/2.12/migration/
    @validator("SQLALCHEMY_DATABASE_URI", pre=True)

app/core/config.py:57
  /home/fortune/Desktop/Python_Projects/quad_trading/trading-test/backend/app/core/config.py:57: PydanticDeprecatedSince20: Pydantic V1 style `@validator` validators are deprecated. You should migrate to Pydantic V2 style `@field_validator` validators, see the migration guide for more details. Deprecated in Pydantic V2.0 to be removed in V3.0. See Pydantic V2 Migration Guide at https://errors.pydantic.dev/2.12/migration/
    @validator("REDIS_URI", pre=True)

app/core/config.py:87
  /home/fortune/Desktop/Python_Projects/quad_trading/trading-test/backend/app/core/config.py:87: PydanticDeprecatedSince20: Pydantic V1 style `@validator` validators are deprecated. You should migrate to Pydantic V2 style `@field_validator` validators, see the migration guide for more details. Deprecated in Pydantic V2.0 to be removed in V3.0. See Pydantic V2 Migration Guide at https://errors.pydantic.dev/2.12/migration/
    @validator("API_KEY_PEPPER")

app/core/database.py:8
  /home/fortune/Desktop/Python_Projects/quad_trading/trading-test/backend/app/core/database.py:8: MovedIn20Warning: The ``declarative_base()`` function is now available as sqlalchemy.orm.declarative_base(). (deprecated since: 2.0) (Background on SQLAlchemy 2.0 at: https://sqlalche.me/e/b8d9)
    Base = declarative_base()

app/database/models_position.py:67
  /home/fortune/Desktop/Python_Projects/quad_trading/trading-test/backend/app/database/models_position.py:67: PydanticDeprecatedSince20: Support for class-based `config` is deprecated, use ConfigDict instead. Deprecated in Pydantic V2.0 to be removed in V3.0. See Pydantic V2 Migration Guide at https://errors.pydantic.dev/2.12/migration/
    class PositionSnapshotResponse(BaseModel):

app/database/models_position.py:84
  /home/fortune/Desktop/Python_Projects/quad_trading/trading-test/backend/app/database/models_position.py:84: PydanticDeprecatedSince20: Support for class-based `config` is deprecated, use ConfigDict instead. Deprecated in Pydantic V2.0 to be removed in V3.0. See Pydantic V2 Migration Guide at https://errors.pydantic.dev/2.12/migration/
    class DiscrepancyResponse(BaseModel):

app/database/models_position.py:105
  /home/fortune/Desktop/Python_Projects/quad_trading/trading-test/backend/app/database/models_position.py:105: PydanticDeprecatedSince20: Support for class-based `config` is deprecated, use ConfigDict instead. Deprecated in Pydantic V2.0 to be removed in V3.0. See Pydantic V2 Migration Guide at https://errors.pydantic.dev/2.12/migration/
    class ReconciliationRunResponse(BaseModel):

app/websocket/websocket_server.py:12
  /home/fortune/Desktop/Python_Projects/quad_trading/trading-test/backend/app/websocket/websocket_server.py:12: DeprecationWarning: websockets.server.WebSocketServerProtocol is deprecated
    from websockets.server import WebSocketServerProtocol

../migration_venv/lib/python3.12/site-packages/websockets/legacy/__init__.py:6
  /home/fortune/Desktop/Python_Projects/quad_trading/trading-test/migration_venv/lib/python3.12/site-packages/websockets/legacy/__init__.py:6: DeprecationWarning: websockets.legacy is deprecated; see https://websockets.readthedocs.io/en/stable/howto/upgrade.html for upgrade instructions
    warnings.warn(  # deprecated in 14.0 - 2024-11-09

app/websocket/subscription_manager.py:8
  /home/fortune/Desktop/Python_Projects/quad_trading/trading-test/backend/app/websocket/subscription_manager.py:8: DeprecationWarning: websockets.server.WebSocketServerProtocol is deprecated
    from websockets.server import WebSocketServerProtocol

-- Docs: https://docs.pytest.org/en/stable/how-to/capture-warnings.html
================================ tests coverage ================================
_______________ coverage: platform linux, python 3.12.3-final-0 ________________

Name                                      Stmts   Miss  Cover   Missing
-----------------------------------------------------------------------
app/services/position_reconciliation.py     134      0   100%
-----------------------------------------------------------------------
TOTAL                                       134      0   100%
======================= 9 passed, 11 warnings in 12.86s ========================
